358023 1547017383 1623313 3246626 -1623313 1623313 1 